[2026/08/20 17:50:53] INFO     Canonicalized data set    recsys_data_set.py:205
                               already exists, skipping                        
                               download and                                    
                               canonicalization.                               
                      INFO     Making data set        feedback_conversion.py:21
                               implicit with                                   
                               threshold 3.                                    
                      INFO     Minimum rating: 1      feedback_conversion.py:24
                      INFO     Maximum rating: 5      feedback_conversion.py:25
                      INFO     Number of interactions feedback_conversion.py:26
                               before: 100000                                  
                      INFO     Number of interactions feedback_conversion.py:44
                               after: 82520                                    
Train/Val/Test sizes: 57006/12698/12816
[2026/08/20 17:50:56] INFO     Reusing existing env 'LensKit_env' at envs.py:48
                               C:\Users\user\.omnirec\data\envs\Lens           
                               Kit_env                                         
                      INFO     Starting runner...            coordinator.py:272
[2026/08/20 17:50:58] INFO     Runner started with pid:      coordinator.py:297
                               29348                                           
                      INFO     Connecting to runner...       coordinator.py:135
                      INFO     Running phase 'Fit' for       coordinator.py:402
                               MovieLens100K/ItemKNNScorer                     
[2026/08/20 17:51:08] INFO     Running phase 'Predict' for   coordinator.py:402
                               MovieLens100K/ItemKNNScorer                     
[2026/08/20 17:51:18] INFO     Running phase 'Evaluate' for  coordinator.py:402
                               MovieLens100K/ItemKNNScorer                     
[2026/08/20 17:51:19] INFO     MovieLens100K/ItemKNNScorer   coordinator.py:373
                               done!                                           
                      INFO     Stopping runner...            coordinator.py:445
                  MovieLens100K-78811d22: Evaluation Results                   
+-----------------------------------------------------------------------------+
| Algorithm                        | NDCG@10             | Precision@10       |
|----------------------------------+---------------------+--------------------|
| LensKit.ItemKNNScorer-dd803d4b-… | 0.17885636252846182 | 0.1616365568544102 |
+-----------------------------------------------------------------------------+
None
Execution time: 27 seconds (time limit is an hour).