[2026/08/20 13:02:37] INFO     Canonicalized data set    recsys_data_set.py:205
                               already exists, skipping                        
                               download and                                    
                               canonicalization.                               
                      INFO     Making data set        feedback_conversion.py:21
                               implicit with                                   
                               threshold 3.                                    
                      INFO     Minimum rating: 1      feedback_conversion.py:24
                      INFO     Maximum rating: 5      feedback_conversion.py:25
                      INFO     Number of interactions feedback_conversion.py:26
                               before: 100000                                  
                      INFO     Number of interactions feedback_conversion.py:44
                               after: 82520                                    
[2026/08/20 13:02:40] INFO     Reusing existing env 'LensKit_env' at envs.py:48
                               C:\Users\user\.omnirec\data\envs\Lens           
                               Kit_env                                         
                      INFO     Starting runner...            coordinator.py:272
[2026/08/20 13:02:43] INFO     Runner started with pid:      coordinator.py:297
                               47168                                           
                      INFO     Connecting to runner...       coordinator.py:135
                      INFO     Running phase 'Fit' for       coordinator.py:402
                               MovieLens100K/PopScorer                         
[2026/08/20 13:02:53] INFO     Running phase 'Predict' for   coordinator.py:402
                               MovieLens100K/PopScorer                         
[2026/08/20 13:03:03] INFO     Running phase 'Evaluate' for  coordinator.py:402
                               MovieLens100K/PopScorer                         
[2026/08/20 13:03:05] INFO     MovieLens100K/PopScorer done! coordinator.py:373
                      INFO     Stopping runner...            coordinator.py:445
                 MovieLens100K-78811d22: Evaluation Results                 
+--------------------------------------------------------------------------+
| Algorithm                     | NDCG@10             | Recall@10          |
|-------------------------------+---------------------+--------------------|
| LensKit.PopScorer-f4aa5539-11 | 0.11641485865818428 | 0.1416039657290981 |
+--------------------------------------------------------------------------+
=== Results for MovieLens100K-78811d22 ===
                    algorithm fold   name  k    value
LensKit.PopScorer-f4aa5539-11 None   NDCG 10 0.116415
LensKit.PopScorer-f4aa5539-11 None Recall 10 0.141604
Saved results to: C:\Users\user\Documents\GitHub\AutoRecLab-SaschaJakobi\out_2026-08-20T13-01-47\workspace\working\prototype_results.csv
Saved plot to: C:\Users\user\Documents\GitHub\AutoRecLab-SaschaJakobi\out_2026-08-20T13-01-47\workspace\working\prototype_results.png
Execution time: 31 seconds (time limit is an hour).