[2026/08/20 13:09:42] INFO     Canonicalized data set    recsys_data_set.py:205
                               already exists, skipping                        
                               download and                                    
                               canonicalization.                               
                      INFO     Making data set        feedback_conversion.py:21
                               implicit with                                   
                               threshold 3.                                    
                      INFO     Minimum rating: 1      feedback_conversion.py:24
                      INFO     Maximum rating: 5      feedback_conversion.py:25
                      INFO     Number of interactions feedback_conversion.py:26
                               before: 100000                                  
                      INFO     Number of interactions feedback_conversion.py:44
                               after: 82520                                    
[2026/08/20 13:09:45] INFO     Reusing existing env 'LensKit_env' at envs.py:48
                               C:\Users\user\.omnirec\data\envs\Lens           
                               Kit_env                                         
                      INFO     Starting runner...            coordinator.py:272
[2026/08/20 13:09:46] INFO     Runner started with pid:      coordinator.py:297
                               35740                                           
                      INFO     Connecting to runner...       coordinator.py:135
[2026/08/20 13:09:47] INFO     Running phase 'Fit' for       coordinator.py:402
                               MovieLens100K/ItemKNNScorer                     
[2026/08/20 13:09:57] INFO     Running phase 'Predict' for   coordinator.py:402
                               MovieLens100K/ItemKNNScorer                     
[2026/08/20 13:10:07] INFO     Running phase 'Evaluate' for  coordinator.py:402
                               MovieLens100K/ItemKNNScorer                     
[2026/08/20 13:10:08] INFO     MovieLens100K/ItemKNNScorer   coordinator.py:373
                               done!                                           
                      INFO     Stopping runner...            coordinator.py:445
                  MovieLens100K-78811d22: Evaluation Results                   
+-----------------------------------------------------------------------------+
| Algorithm                       | NDCG@10             | Precision@10        |
|---------------------------------+---------------------+---------------------|
| LensKit.ItemKNNScorer-dd803d4b… | 0.17371199989347783 | 0.15961742826780023 |
+-----------------------------------------------------------------------------+

Summary for: MovieLens100K-78811d22
                        algorithm      name  k    value
LensKit.ItemKNNScorer-dd803d4b-11      NDCG 10 0.173712
LensKit.ItemKNNScorer-dd803d4b-11 Precision 10 0.159617
Plot saved to: C:\Users\user\Documents\GitHub\AutoRecLab-SaschaJakobi\out_2026-08-20T13-01-47\workspace\working\movielens100k_itemknn_metrics.png
Execution time: 27 seconds (time limit is an hour).