[2026/08/19 16:39:13] INFO     Canonicalized data set    recsys_data_set.py:205
                               already exists, skipping                        
                               download and                                    
                               canonicalization.                               
                      INFO     Making data set        feedback_conversion.py:21
                               implicit with                                   
                               threshold 3.                                    
                      INFO     Minimum rating: 1      feedback_conversion.py:24
                      INFO     Maximum rating: 5      feedback_conversion.py:25
                      INFO     Number of interactions feedback_conversion.py:26
                               before: 100000                                  
                      INFO     Number of interactions feedback_conversion.py:44
                               after: 82520                                    
Running experiment...
[2026/08/19 16:39:16] INFO     Reusing existing env 'LensKit_env' at envs.py:48
                               C:\Users\user\.omnirec\data\envs\Lens           
                               Kit_env                                         
                      INFO     Starting runner...            coordinator.py:272
[2026/08/19 16:39:18] INFO     Runner started with pid:      coordinator.py:297
                               14384                                           
                      INFO     Connecting to runner...       coordinator.py:135
                      INFO     Running phase 'Fit' for       coordinator.py:402
                               MovieLens100K/ItemKNNScorer                     
[2026/08/19 16:39:28] INFO     Running phase 'Predict' for   coordinator.py:402
                               MovieLens100K/ItemKNNScorer                     
[2026/08/19 16:39:38] INFO     Running phase 'Evaluate' for  coordinator.py:402
                               MovieLens100K/ItemKNNScorer                     
[2026/08/19 16:39:39] INFO     MovieLens100K/ItemKNNScorer   coordinator.py:373
                               done!                                           
                      INFO     Stopping runner...            coordinator.py:445
       MovieLens100K-78811d22: Evaluation Results        
+-------------------------------------------------------+
| Algorithm                         | NDCG@10           |
|-----------------------------------+-------------------|
| LensKit.ItemKNNScorer-44df4040-42 | 0.172938288508597 |
+-------------------------------------------------------+

Dataset: MovieLens100K-78811d22
                           algorithm  fold  name   k     value
0  LensKit.ItemKNNScorer-44df4040-42  None  NDCG  10  0.172938
Saved plot to: C:\Users\user\Documents\GitHub\AutoRecLab-SaschaJakobi\out_2026-08-19T16-27-35\workspace\working\ndcg10_itemknn.png
Prototype complete: dataset=MovieLens100K, algorithm=ItemKNNScorer, split=UserHoldout(0.15, 0.15), metric=NDCG@10, plot=C:\Users\user\Documents\GitHub\AutoRecLab-SaschaJakobi\out_2026-08-19T16-27-35\workspace\working\ndcg10_itemknn.png
Execution time: 27 seconds (time limit is an hour).