[2026/08/20 17:53:39] INFO     Canonicalized data set    recsys_data_set.py:205
                               already exists, skipping                        
                               download and                                    
                               canonicalization.                               
                      INFO     Making data set        feedback_conversion.py:21
                               implicit with                                   
                               threshold 3.                                    
                      INFO     Minimum rating: 1      feedback_conversion.py:24
                      INFO     Maximum rating: 5      feedback_conversion.py:25
                      INFO     Number of interactions feedback_conversion.py:26
                               before: 100000                                  
                      INFO     Number of interactions feedback_conversion.py:44
                               after: 82520                                    
[2026/08/20 17:53:41] INFO     Reusing existing env 'LensKit_env' at envs.py:48
                               C:\Users\user\.omnirec\data\envs\Lens           
                               Kit_env                                         
                      INFO     Starting runner...            coordinator.py:272
[2026/08/20 17:53:43] INFO     Runner started with pid:      coordinator.py:297
                               17656                                           
                      INFO     Connecting to runner...       coordinator.py:135
                      INFO     Running phase 'Fit' for       coordinator.py:402
                               MovieLens100K/ItemKNNScorer                     
[2026/08/20 17:53:53] INFO     Running phase 'Predict' for   coordinator.py:402
                               MovieLens100K/ItemKNNScorer                     
[2026/08/20 17:54:03] INFO     Running phase 'Evaluate' for  coordinator.py:402
                               MovieLens100K/ItemKNNScorer                     
[2026/08/20 17:54:05] INFO     MovieLens100K/ItemKNNScorer   coordinator.py:373
                               done!                                           
                      INFO     Stopping runner...            coordinator.py:445
                      INFO     Reusing existing env 'LensKit_env' at envs.py:48
                               C:\Users\user\.omnirec\data\envs\Lens           
                               Kit_env                                         
                      INFO     Starting runner...            coordinator.py:272
[2026/08/20 17:54:07] INFO     Runner started with pid:      coordinator.py:297
                               18792                                           
                      INFO     Connecting to runner...       coordinator.py:135
                      INFO     Running phase 'Fit' for       coordinator.py:402
                               MovieLens100K/PopScorer                         
[2026/08/20 17:54:17] INFO     Running phase 'Predict' for   coordinator.py:402
                               MovieLens100K/PopScorer                         
[2026/08/20 17:54:27] INFO     Running phase 'Evaluate' for  coordinator.py:402
                               MovieLens100K/PopScorer                         
[2026/08/20 17:54:29] INFO     MovieLens100K/PopScorer done! coordinator.py:373
                      INFO     Stopping runner...            coordinator.py:445
                  MovieLens100K-78811d22: Evaluation Results                   
+-----------------------------------------------------------------------------+
| Algorithm                       | NDCG@10             | Precision@10        |
|---------------------------------+---------------------+---------------------|
| LensKit.ItemKNNScorer-dd803d4b… | 0.17885636252846182 | 0.1616365568544102  |
| LensKit.PopScorer-f4aa5539-33   | 0.11605320487869693 | 0.10455991516436905 |
+-----------------------------------------------------------------------------+
None
Execution time: 51 seconds (time limit is an hour).