[2026/08/20 15:41:12] INFO     Canonicalized data set    recsys_data_set.py:205
                               already exists, skipping                        
                               download and                                    
                               canonicalization.                               
                      INFO     Making data set        feedback_conversion.py:21
                               implicit with                                   
                               threshold 3.                                    
                      INFO     Minimum rating: 1      feedback_conversion.py:24
                      INFO     Maximum rating: 5      feedback_conversion.py:25
                      INFO     Number of interactions feedback_conversion.py:26
                               before: 100000                                  
                      INFO     Number of interactions feedback_conversion.py:44
                               after: 82520                                    
[2026/08/20 15:41:15] INFO     Reusing existing env 'LensKit_env' at envs.py:48
                               C:\Users\user\.omnirec\data\envs\Lens           
                               Kit_env                                         
                      INFO     Starting runner...            coordinator.py:272
[2026/08/20 15:41:16] INFO     Runner started with pid:      coordinator.py:297
                               26288                                           
                      INFO     Connecting to runner...       coordinator.py:135
                      INFO     Running phase 'Fit' for       coordinator.py:402
                               MovieLens100K/ItemKNNScorer                     
Traceback (most recent call last):
  File "C:\Users\user\Documents\GitHub\AutoRecLab-SaschaJakobi\.venv\Lib\site-packages\omnirec\runner\coordinator.py", line 212, in run
    self.run_split(
  File "C:\Users\user\Documents\GitHub\AutoRecLab-SaschaJakobi\.venv\Lib\site-packages\omnirec\runner\coordinator.py", line 347, in run_split
    self.wait_for_job(root._fit, root)
  File "C:\Users\user\Documents\GitHub\AutoRecLab-SaschaJakobi\.venv\Lib\site-packages\omnirec\runner\coordinator.py", line 385, in wait_for_job
    state = root._status(job_id)
            ^^^^^^^^^^^^^^^^^^^^
  File "C:\Users\user\Documents\GitHub\AutoRecLab-SaschaJakobi\.venv\Lib\site-packages\rpyc\core\netref.py", line 239, in __call__
    return syncreq(_self, consts.HANDLE_CALL, args, kwargs)
           ^^^^^^^^^^^^^^^^^^^^^^^^^^^^^^^^^^^^^^^^^^^^^^^^
  File "C:\Users\user\Documents\GitHub\AutoRecLab-SaschaJakobi\.venv\Lib\site-packages\rpyc\core\netref.py", line 63, in syncreq
    return conn.sync_request(handler, proxy, *args)
           ^^^^^^^^^^^^^^^^^^^^^^^^^^^^^^^^^^^^^^^^
  File "C:\Users\user\Documents\GitHub\AutoRecLab-SaschaJakobi\.venv\Lib\site-packages\rpyc\core\protocol.py", line 744, in sync_request
    return _async_res.value
           ^^^^^^^^^^^^^^^^
  File "C:\Users\user\Documents\GitHub\AutoRecLab-SaschaJakobi\.venv\Lib\site-packages\rpyc\core\async_.py", line 111, in value
    raise self._obj
rpyc.core.vinegar/pydantic_core._pydantic_core._get_exception_class.<locals>.Derived: ('ItemKNNConfig', '[<builtins.PyLineError object at 0x00000216A879DCE0>]', 'python', False)

========= Remote Traceback (1) =========
concurrent.futures.process._RemoteTraceback: 
"""
Traceback (most recent call last):
  File "C:\Users\user\AppData\Roaming\uv\python\cpython-3.11-windows-x86_64-none\Lib\concurrent\futures\process.py", line 261, in _process_worker
    r = call_item.fn(*call_item.args, **call_item.kwargs)
        ^^^^^^^^^^^^^^^^^^^^^^^^^^^^^^^^^^^^^^^^^^^^^^^^^
  File "C:\Users\user\.omnirec\data\envs\LensKit_env\Lib\site-packages\omnirec_runner\runner.py", line 168, in _fit_job
    self.setup_fit()
  File "C:\Users\user\Documents\GitHub\AutoRecLab-SaschaJakobi\.venv\Lib\site-packages\omnirec_runner\lenskit_runner.py", line 50, in setup_fit
    scorer = algo_cls(config_cls(**self.algorithm_config))
                      ^^^^^^^^^^^^^^^^^^^^^^^^^^^^^^^^^^^
  File "C:\Users\user\.omnirec\data\envs\LensKit_env\Lib\site-packages\pydantic\main.py", line 263, in __init__
    validated_self = self.__pydantic_validator__.validate_python(data, self_instance=self)
                     ^^^^^^^^^^^^^^^^^^^^^^^^^^^^^^^^^^^^^^^^^^^^^^^^^^^^^^^^^^^^^^^^^^^^^
pydantic_core._pydantic_core.ValidationError: 1 validation error for ItemKNNConfig
center
  Extra inputs are not permitted [type=extra_forbidden, input_value=True, input_type=bool]
    For further information visit https://errors.pydantic.dev/2.13/v/extra_forbidden
"""

The above exception was the direct cause of the following exception:

Traceback (most recent call last):
  File "C:\Users\user\.omnirec\data\envs\LensKit_env\Lib\site-packages\rpyc\core\protocol.py", line 369, in _dispatch_request
    res = self._HANDLERS[handler](self, *args)
          ^^^^^^^^^^^^^^^^^^^^^^^^^^^^^^^^^^^^
  File "C:\Users\user\.omnirec\data\envs\LensKit_env\Lib\site-packages\rpyc\core\protocol.py", line 863, in _handle_call
    return obj(*args, **dict(kwargs))
           ^^^^^^^^^^^^^^^^^^^^^^^^^^
  File "C:\Users\user\.omnirec\data\envs\LensKit_env\Lib\site-packages\omnirec_runner\runner.py", line 143, in _status
    raise exc
pydantic_core._pydantic_core.ValidationError: 1 validation error for ItemKNNConfig
center
  Extra inputs are not permitted [type=extra_forbidden, input_value=True, input_type=bool]
    For further information visit https://errors.pydantic.dev/2.13/v/extra_forbidden

[2026/08/20 15:41:26] CRITICAL Stopping runner...            coordinator.py:445
                      INFO     Reusing existing env 'LensKit_env' at envs.py:48
                               C:\Users\user\.omnirec\data\envs\Lens           
                               Kit_env                                         
                      INFO     Starting runner...            coordinator.py:272
[2026/08/20 15:41:28] INFO     Runner started with pid:      coordinator.py:297
                               26284                                           
                      INFO     Connecting to runner...       coordinator.py:135
                      INFO     Running phase 'Fit' for       coordinator.py:402
                               MovieLens100K/PopScorer                         
[2026/08/20 15:41:38] INFO     Running phase 'Predict' for   coordinator.py:402
                               MovieLens100K/PopScorer                         
[2026/08/20 15:41:48] INFO     Running phase 'Evaluate' for  coordinator.py:402
                               MovieLens100K/PopScorer                         
[2026/08/20 15:41:49] INFO     MovieLens100K/PopScorer done! coordinator.py:373
                      CRITICAL Stopping runner...            coordinator.py:445
                 MovieLens100K-78811d22: Evaluation Results                  
+---------------------------------------------------------------------------+
| Algorithm                     | NDCG@10             | Precision@10        |
|-------------------------------+---------------------+---------------------|
| LensKit.PopScorer-f4aa5539-22 | 0.11704888806182273 | 0.10922587486744433 |
+---------------------------------------------------------------------------+
Run completed. Results saved to: C:\Users\user\Documents\GitHub\AutoRecLab-SaschaJakobi\out_2026-08-20T15-39-09\workspace\working\prototype_results.json
None
Plot saved to: C:\Users\user\Documents\GitHub\AutoRecLab-SaschaJakobi\out_2026-08-20T15-39-09\workspace\working\prototype_metrics_plot.png
Execution time: 39 seconds (time limit is an hour).